../Core/Src/main.c:80:5:main	32	static
../Core/Src/main.c:183:6:SystemClock_Config	88	static
../Core/Src/main.c:230:13:MX_TIM1_Init	96	static
../Core/Src/main.c:310:13:MX_TIM2_Init	56	static
../Core/Src/main.c:359:13:MX_TIM5_Init	32	static
../Core/Src/main.c:404:13:MX_USART2_UART_Init	8	static
../Core/Src/main.c:437:13:MX_GPIO_Init	48	static
../Core/Src/main.c:466:6:HAL_TIM_PeriodElapsedCallback	24	static
../Core/Src/main.c:474:10:micros	12	static
../Core/Src/main.c:484:6:Error_Handler	4	static,ignoring_inline_asm
